
R version 3.6.1 Patched (2019-10-31 r77350) -- "Action of the Toes"
Copyright (C) 2019 The R Foundation for Statistical Computing
Platform: x86_64-pc-linux-gnu (64-bit)

R is free software and comes with ABSOLUTELY NO WARRANTY.
You are welcome to redistribute it under certain conditions.
Type 'license()' or 'licence()' for distribution details.

  Natural language support but running in an English locale

R is a collaborative project with many contributors.
Type 'contributors()' for more information and
'citation()' on how to cite R or R packages in publications.

Type 'demo()' for some demos, 'help()' for on-line help, or
'help.start()' for an HTML browser interface to help.
Type 'q()' to quit R.

> library(SummarizedExperiment)
Loading required package: GenomicRanges
Loading required package: stats4
Loading required package: BiocGenerics
Loading required package: parallel

Attaching package: ‘BiocGenerics’

The following objects are masked from ‘package:parallel’:

    clusterApply, clusterApplyLB, clusterCall, clusterEvalQ,
    clusterExport, clusterMap, parApply, parCapply, parLapply,
    parLapplyLB, parRapply, parSapply, parSapplyLB

The following objects are masked from ‘package:stats’:

    IQR, mad, sd, var, xtabs

The following objects are masked from ‘package:base’:

    anyDuplicated, append, as.data.frame, basename, cbind, colnames,
    dirname, do.call, duplicated, eval, evalq, Filter, Find, get, grep,
    grepl, intersect, is.unsorted, lapply, Map, mapply, match, mget,
    order, paste, pmax, pmax.int, pmin, pmin.int, Position, rank,
    rbind, Reduce, rownames, sapply, setdiff, sort, table, tapply,
    union, unique, unsplit, which, which.max, which.min

Loading required package: S4Vectors

Attaching package: ‘S4Vectors’

The following object is masked from ‘package:base’:

    expand.grid

Loading required package: IRanges
Loading required package: GenomeInfoDb
Loading required package: Biobase
Welcome to Bioconductor

    Vignettes contain introductory material; view with
    'browseVignettes()'. To cite Bioconductor, see
    'citation("Biobase")', and for packages 'citation("pkgname")'.

Loading required package: DelayedArray
Loading required package: matrixStats

Attaching package: ‘matrixStats’

The following objects are masked from ‘package:Biobase’:

    anyMissing, rowMedians

Loading required package: BiocParallel

Attaching package: ‘DelayedArray’

The following objects are masked from ‘package:matrixStats’:

    colMaxs, colMins, colRanges, rowMaxs, rowMins, rowRanges

The following objects are masked from ‘package:base’:

    aperm, apply, rowsum

> library(jaffelab)
Loading required package: rafalib
> library(recount)
Setting options('download.file.method.GEOquery'='auto')
Setting options('GEOquery.inmemory.gpl'=FALSE)
> library(WGCNA)
Loading required package: dynamicTreeCut
Loading required package: fastcluster

Attaching package: ‘fastcluster’

The following object is masked from ‘package:stats’:

    hclust



Attaching package: ‘WGCNA’

The following object is masked from ‘package:IRanges’:

    cor

The following object is masked from ‘package:S4Vectors’:

    cor

The following object is masked from ‘package:stats’:

    cor

> library(sva)
Loading required package: mgcv
Loading required package: nlme

Attaching package: ‘nlme’

The following object is masked from ‘package:IRanges’:

    collapse

This is mgcv 1.8-30. For overview type 'help("mgcv-package")'.
Loading required package: genefilter

Attaching package: ‘genefilter’

The following objects are masked from ‘package:matrixStats’:

    rowSds, rowVars

> library(lmerTest)
Loading required package: lme4
Loading required package: Matrix

Attaching package: ‘Matrix’

The following object is masked from ‘package:S4Vectors’:

    expand


Attaching package: ‘lme4’

The following object is masked from ‘package:nlme’:

    lmList


Attaching package: ‘lmerTest’

The following object is masked from ‘package:lme4’:

    lmer

The following object is masked from ‘package:stats’:

    step

> 
> setwd('/dcl02/lieber/ptsd/RNAseq/VA_PTSD_RNAseq/')
> 
> #load objects
> load("rdas/WGCNA/constructed_network_signed_bicor_Cortex_PTSD.rda",verbose=TRUE)
Loading objects:
  net
  fNames
> load('rdas/rse_gene_PTSD_VA_LIBD_qcAndAnnotated_n1285.Rdata',verbose=TRUE)
Loading objects:
  rse_gene
> 
> ## add MDS (get ethnicity via genotype)
> load("rdas/PTSD_LIBD_VA_MDSonly_n326.rda")
> rownames(mds) = ss(rownames(mds),"_")
> colData(rse_gene) = cbind(colData(rse_gene) , mds[rse_gene$BrNum,])
> 
> ###########
> # filter ##
> gIndex = rowMeans(getRPKM(rse_gene, "Length")) > 0.2
> rse_gene <- rse_gene[gIndex , ]
> 
> rse_gene$CatRegion <- ifelse(rse_gene$Region == "BasoAmyg" | rse_gene$Region == "MedialAmyg", "Amyg","Cortex")
> gkeepIndex = which(rse_gene$CatRegion == "Cortex")
> rse_gene <- rse_gene[, gkeepIndex]
> 
> ##########
> ## model #
> ##########
> load('rdas/PTSD_qsvs_Regionintxn_Cortex.Rdata',verbose=TRUE)
Loading objects:
  qSV_mat
  modQsva
  mod
> 
> ##ensure intercept, region, interaction, group, agedeath, and sex are up first for cleaning
> colnames(modQsva)
 [1] "Int"                   "GroupMDD"              "GroupPTSD"            
 [4] "RegionDLPFC"           "AgeDeath"              "SexM"                 
 [7] "mitoRate"              "rRNA_rate"             "totalAssignedGene"    
[10] "RIN"                   "overallMapRate"        "ERCCsumLogErr"        
[13] "snpPC1"                "snpPC2"                "snpPC3"               
[16] "snpPC8"                "snpPC9"                "snpPC10"              
[19] "GroupMDD.RegionDLPFC"  "GroupPTSD.RegionDLPFC" "PC1"                  
[22] "PC2"                   "PC3"                   "PC4"                  
[25] "PC5"                   "PC6"                   "PC7"                  
[28] "PC8"                   "PC9"                   "PC10"                 
[31] "PC11"                  "PC12"                  "PC13"                 
[34] "PC14"                  "PC15"                  "PC16"                 
[37] "PC17"                  "PC18"                  "PC19"                 
[40] "PC20"                 
> dim(modQsva)
[1] 641  40
> modQsva = modQsva[,c(1,3,4,5,6,20,2,7:19,21:40)]
> head(modQsva)
       Int GroupPTSD RegionDLPFC AgeDeath SexM GroupPTSD.RegionDLPFC GroupMDD
R16315   1         1           0    41.71    1                     0        0
R16015   1         1           1    41.71    1                     1        0
R15787   1         1           0    40.53    1                     0        0
R16016   1         1           1    40.53    1                     1        0
R15788   1         1           0    48.21    1                     0        0
R16017   1         1           1    48.21    1                     1        0
         mitoRate    rRNA_rate totalAssignedGene RIN overallMapRate
R16315 0.02103480 9.949357e-05         0.3606736 6.8         0.8582
R16015 0.02652086 8.892012e-05         0.4225928 7.4         0.8688
R15787 0.03672185 1.980323e-04         0.3763477 7.3         0.7252
R16016 0.02868744 1.087026e-04         0.4822099 7.8         0.8584
R15788 0.02750204 9.304784e-05         0.4845666 9.2         0.8758
R16017 0.02751086 8.068393e-05         0.5299294 8.0         0.8945
       ERCCsumLogErr     snpPC1      snpPC2     snpPC3       snpPC8     snpPC9
R16315     -27.28821  0.1276800 -0.00734816 -0.0178312 -0.000202292 0.00124942
R16015     -27.91039  0.1276800 -0.00734816 -0.0178312 -0.000202292 0.00124942
R15787     -14.90068 -0.0240917 -0.00641316 -0.0228262  0.008276590 0.00246881
R16016     -17.84485 -0.0240917 -0.00641316 -0.0228262  0.008276590 0.00246881
R15788     -25.98246 -0.0224736 -0.00437300 -0.0222278  0.004635840 0.00465256
R16017     -12.95868 -0.0224736 -0.00437300 -0.0222278  0.004635840 0.00465256
            snpPC10 GroupMDD.RegionDLPFC        PC1       PC2        PC3
R16315  0.000412613                    0 -22.090257  5.831369  1.7666737
R16015  0.000412613                    0   2.299972  3.733059  2.6697834
R15787 -0.002414600                    0 -25.158668 -4.582367  0.8190382
R16016 -0.002414600                    0  10.731209  6.257222  1.2954151
R15788  0.005004020                    0  16.955506  5.562860  0.6767875
R16017  0.005004020                    0  22.977015  3.557654 -1.7984386
            PC4         PC5       PC6        PC7        PC8        PC9
R16315 4.157629 -1.69903456 0.6941695 -1.4493007 -1.7396449  0.6173959
R16015 3.075566 -2.35300148 2.6269997 -2.2199613 -0.5259872  0.2443974
R15787 1.168891 -3.31667118 2.4259283 -0.5388203 -2.0496982  1.6452308
R16016 2.708373  0.10382876 2.6320905 -1.0968661 -0.9712982  0.1765191
R15788 3.455998 -0.07333689 0.4149824 -0.5692429 -0.8357448  0.9566516
R16017 1.908755 -0.57444443 2.4668646 -2.5747672 -0.6286454 -1.2099302
              PC10        PC11       PC12       PC13       PC14         PC15
R16315  0.60558981  0.15738691 -2.2690117 -0.6142968 0.73688120 -0.993995860
R16015 -0.24136310 -0.03425117 -0.9437543  0.6398832 0.63268395 -0.093176812
R15787  0.74379388  0.52893253 -2.0292946 -1.4943187 1.88346321 -0.983855040
R16016  1.18982020  0.24197373 -0.7735130 -0.3734444 0.47641203  0.103880638
R15788  0.10347009 -0.42287005 -0.2474961 -1.6520706 0.83682507 -1.445224496
R16017  0.05953875 -0.69394103 -0.8683089 -0.6049097 0.02667423  0.006762764
              PC16       PC17       PC18      PC19       PC20
R16315 -0.01042288 -0.3298272  0.3904171 0.9049070 -0.4734105
R16015  0.13856621  0.1450080 -0.0178818 1.5593775 -0.6847814
R15787 -0.98298051  0.6205836  0.8570823 1.3075568 -1.3535078
R16016 -0.62522638  0.2245213  0.9914600 1.7357657 -0.8812779
R15788 -1.41639851 -1.0502587  0.2553757 0.3939036 -0.7693582
R16017 -1.00179572 -1.0648941  0.2540140 0.5078421 -0.4774115
> 
> ### Dx association ###
> brnums<-rse_gene$BrNum
> 
> coefAdj = t(apply(net$MEs, 2, function(y)
+ 	summary(lmerTest::lmer(y~ modQsva[ ,1:6] - 1 + (1|brnums)))$coef[2,]))
> 
> save(coefAdj, file="rdas/WGCNA/MEvsDx_Cortex_PTSD.rda")
> 
> coefAdj[coefAdj[,5] < 0.1,]
         Estimate  Std. Error       df   t value     Pr(>|t|)
ME22 -0.008021243 0.004642407 450.5487 -1.727820 8.470573e-02
ME12 -0.011169895 0.004477834 582.4809 -2.494486 1.288994e-02
ME27 -0.008161147 0.004627613 566.7586 -1.763576 7.834215e-02
ME1  -0.012269710 0.004388383 625.1570 -2.795953 5.333696e-03
ME15 -0.011625882 0.004245402 578.8606 -2.738464 6.362707e-03
ME4  -0.005468271 0.003055812 620.3197 -1.789466 7.402755e-02
ME10 -0.020011626 0.004462375 472.4989 -4.484524 9.184358e-06
ME11 -0.010315561 0.004621750 610.3993 -2.231960 2.597973e-02
ME17 -0.011290564 0.004515400 595.7853 -2.500457 1.267085e-02
ME3  -0.010768983 0.004780882 510.2290 -2.252510 2.471426e-02
ME7  -0.015627879 0.004589048 529.8504 -3.405473 7.105882e-04
ME8  -0.019920266 0.004637807 479.7089 -4.295191 2.113753e-05
ME20 -0.008083673 0.004649264 501.4343 -1.738699 8.270142e-02
ME2  -0.008093766 0.002859228 584.4986 -2.830752 4.803615e-03
ME0  -0.014241200 0.004762829 465.7888 -2.990072 2.936804e-03
> 
> #GO using clusterProfiler
> library(clusterProfiler)
Registered S3 method overwritten by 'enrichplot':
  method               from
  fortify.enrichResult DOSE
clusterProfiler v3.14.0  For help: https://guangchuangyu.github.io/software/clusterProfiler

If you use clusterProfiler in published research, please cite:
Guangchuang Yu, Li-Gen Wang, Yanyan Han, Qing-Yu He. clusterProfiler: an R package for comparing biological themes among gene clusters. OMICS: A Journal of Integrative Biology. 2012, 16(5):284-287.

Attaching package: ‘clusterProfiler’

The following object is masked from ‘package:DelayedArray’:

    simplify

> library(org.Hs.eg.db)
Loading required package: AnnotationDbi

> 				  
> #make matrix
> # split genes into modules
> moduleGeneList_adj = split(rowData(rse_gene)$EntrezID, net$colors)
> moduleGeneList_adj = lapply(moduleGeneList_adj, function(x) x[!is.na(x)])
> 
> #universe of expressed genes
> universe <- as.character(rowData(rse_gene)$EntrezID[!is.na(rowData(rse_gene)$EntrezID)])
> 
> ## run GO 
> go_modules_cortex <- compareCluster(moduleGeneList_adj, fun = "enrichGO",
+                 universe = universe, OrgDb = org.Hs.eg.db,
+                 ont = "ALL", pAdjustMethod = "BH",
+                 pvalueCutoff  = 1, qvalueCutoff  = 1, readable= TRUE)
> 
> save(go_modules_cortex, file="rdas/WGCNA/wgcna_Cortex_GO_clusterProfiler_PTSD.rda")
> 
> ## Reproducibility information
> print('Reproducibility information:')
[1] "Reproducibility information:"
> Sys.time()
[1] "2020-02-16 15:06:14 EST"
> proc.time()
    user   system  elapsed 
1967.546   23.449 1993.768 
> options(width = 120)
> session_info()
Error in session_info() : could not find function "session_info"
Execution halted
