
R version 3.6.1 Patched (2019-10-31 r77350) -- "Action of the Toes"
Copyright (C) 2019 The R Foundation for Statistical Computing
Platform: x86_64-pc-linux-gnu (64-bit)

R is free software and comes with ABSOLUTELY NO WARRANTY.
You are welcome to redistribute it under certain conditions.
Type 'license()' or 'licence()' for distribution details.

  Natural language support but running in an English locale

R is a collaborative project with many contributors.
Type 'contributors()' for more information and
'citation()' on how to cite R or R packages in publications.

Type 'demo()' for some demos, 'help()' for on-line help, or
'help.start()' for an HTML browser interface to help.
Type 'q()' to quit R.

> #######################################################################
> #DLPFC
> #MDD
> 
> library(SummarizedExperiment)
Loading required package: GenomicRanges
Loading required package: stats4
Loading required package: BiocGenerics
Loading required package: parallel

Attaching package: ‘BiocGenerics’

The following objects are masked from ‘package:parallel’:

    clusterApply, clusterApplyLB, clusterCall, clusterEvalQ,
    clusterExport, clusterMap, parApply, parCapply, parLapply,
    parLapplyLB, parRapply, parSapply, parSapplyLB

The following objects are masked from ‘package:stats’:

    IQR, mad, sd, var, xtabs

The following objects are masked from ‘package:base’:

    anyDuplicated, append, as.data.frame, basename, cbind, colnames,
    dirname, do.call, duplicated, eval, evalq, Filter, Find, get, grep,
    grepl, intersect, is.unsorted, lapply, Map, mapply, match, mget,
    order, paste, pmax, pmax.int, pmin, pmin.int, Position, rank,
    rbind, Reduce, rownames, sapply, setdiff, sort, table, tapply,
    union, unique, unsplit, which, which.max, which.min

Loading required package: S4Vectors

Attaching package: ‘S4Vectors’

The following object is masked from ‘package:base’:

    expand.grid

Loading required package: IRanges
Loading required package: GenomeInfoDb
Loading required package: Biobase
Welcome to Bioconductor

    Vignettes contain introductory material; view with
    'browseVignettes()'. To cite Bioconductor, see
    'citation("Biobase")', and for packages 'citation("pkgname")'.

Loading required package: DelayedArray
Loading required package: matrixStats

Attaching package: ‘matrixStats’

The following objects are masked from ‘package:Biobase’:

    anyMissing, rowMedians

Loading required package: BiocParallel

Attaching package: ‘DelayedArray’

The following objects are masked from ‘package:matrixStats’:

    colMaxs, colMins, colRanges, rowMaxs, rowMins, rowRanges

The following objects are masked from ‘package:base’:

    aperm, apply, rowsum

> library(jaffelab)
Loading required package: rafalib
> library(recount)
Setting options('download.file.method.GEOquery'='auto')
Setting options('GEOquery.inmemory.gpl'=FALSE)
> library(WGCNA)
Loading required package: dynamicTreeCut
Loading required package: fastcluster

Attaching package: ‘fastcluster’

The following object is masked from ‘package:stats’:

    hclust



Attaching package: ‘WGCNA’

The following object is masked from ‘package:IRanges’:

    cor

The following object is masked from ‘package:S4Vectors’:

    cor

The following object is masked from ‘package:stats’:

    cor

> library(sva)
Loading required package: mgcv
Loading required package: nlme

Attaching package: ‘nlme’

The following object is masked from ‘package:IRanges’:

    collapse

This is mgcv 1.8-30. For overview type 'help("mgcv-package")'.
Loading required package: genefilter

Attaching package: ‘genefilter’

The following objects are masked from ‘package:matrixStats’:

    rowSds, rowVars

> 
> setwd('/dcl02/lieber/ptsd/RNAseq/VA_PTSD_RNAseq/')
> 
> ## multithread
> allowWGCNAThreads(8)
Allowing multi-threading with up to 8 threads.
> 
> #load rse objects
> load('rdas/rse_gene_PTSD_VA_LIBD_qcAndAnnotated_n1285.Rdata')
> 
> ## add MDS (get ethnicity via genotype)
> load("rdas/PTSD_LIBD_VA_MDSonly_n326.rda")
> rownames(mds) = ss(rownames(mds),"_")
> colData(rse_gene) = cbind(colData(rse_gene) , mds[rse_gene$BrNum,])
> 
> ###########
> # filter ##
> gIndex = rowMeans(getRPKM(rse_gene, "Length")) > 0.2
> rse_gene <- rse_gene[gIndex , ]
> 
> ##########
> ## model #
> ##########
> 
> load("rdas/PTSD_qsvs.Rdata",verbose=TRUE)
Loading objects:
  qsvBonf
  qSVs
  mod
  modQsva
> 
> ##ensure intercept, group, agedeath, and sex are up first for cleaning
> colnames(modQsva)
 [1] "(Intercept)"       "GroupMDD"          "GroupPTSD"        
 [4] "AgeDeath"          "SexM"              "RegiondACC"       
 [7] "RegionDLPFC"       "RegionMedialAmyg"  "mitoRate"         
[10] "rRNA_rate"         "totalAssignedGene" "RIN"              
[13] "overallMapRate"    "ERCCsumLogErr"     "snpPC1"           
[16] "snpPC2"            "snpPC3"            "snpPC8"           
[19] "snpPC9"            "snpPC10"           "PC1"              
[22] "PC2"               "PC3"               "PC4"              
[25] "PC5"               "PC6"               "PC7"              
[28] "PC8"               "PC9"               "PC10"             
[31] "PC11"              "PC12"              "PC13"             
[34] "PC14"              "PC15"              "PC16"             
[37] "PC17"              "PC18"              "PC19"             
> modQsva = modQsva[,c(1,2,4,5,3,6:39)]
> 
> #filter for DLPFC 
> #gene
> keepIndex = which(rse_gene$Region == "DLPFC")
> rse_gene <- rse_gene[, keepIndex]
> 
> #Get rid of region columns
> modQsva <- modQsva[keepIndex,!grepl("Region", colnames(modQsva))]
> colnames(modQsva)[1] = "Int"
> 
> ## clean expression
> geneExprs = log2(getRPKM(rse_gene,"Length")+1)
> geneExprsClean = cleaningY(geneExprs, modQsva, P=4)
> 
> 
> #########################
> ## get power
> powers <- c(1:10, seq(from = 12, to=20, by=2))
> sftthresh1 <- pickSoftThreshold(t(geneExprsClean), powerVector = powers,networkType = "signed", verbose = 5)
pickSoftThreshold: will use block size 1719.
 pickSoftThreshold: calculating connectivity for given powers...
   ..working on genes 1 through 1719 of 26020
   ..working on genes 1720 through 3438 of 26020
   ..working on genes 3439 through 5157 of 26020
   ..working on genes 5158 through 6876 of 26020
   ..working on genes 6877 through 8595 of 26020
   ..working on genes 8596 through 10314 of 26020
   ..working on genes 10315 through 12033 of 26020
   ..working on genes 12034 through 13752 of 26020
   ..working on genes 13753 through 15471 of 26020
   ..working on genes 15472 through 17190 of 26020
   ..working on genes 17191 through 18909 of 26020
   ..working on genes 18910 through 20628 of 26020
   ..working on genes 20629 through 22347 of 26020
   ..working on genes 22348 through 24066 of 26020
   ..working on genes 24067 through 25785 of 26020
   ..working on genes 25786 through 26020 of 26020
   Power SFT.R.sq slope truncated.R.sq  mean.k. median.k.  max.k.
1      1  0.15900 32.40          0.991 1.32e+04  1.32e+04 13900.0
2      2  0.07660 10.80          0.995 6.78e+03  6.77e+03  7470.0
3      3  0.00923  2.18          0.979 3.51e+03  3.50e+03  4080.0
4      4  0.03020 -2.68          0.956 1.84e+03  1.82e+03  2300.0
5      5  0.21200 -4.93          0.943 9.70e+02  9.57e+02  1340.0
6      6  0.50300 -6.10          0.955 5.19e+02  5.07e+02   825.0
7      7  0.72000 -6.18          0.974 2.80e+02  2.71e+02   536.0
8      8  0.84100 -5.70          0.987 1.54e+02  1.46e+02   362.0
9      9  0.89100 -5.15          0.987 8.53e+01  7.91e+01   253.0
10    10  0.90100 -4.64          0.976 4.81e+01  4.32e+01   182.0
11    12  0.97200 -3.36          0.991 1.61e+01  1.33e+01   101.0
12    14  0.98700 -2.76          0.994 5.90e+00  4.21e+00    66.6
13    16  0.98900 -2.37          0.998 2.39e+00  1.37e+00    50.3
14    18  0.98400 -2.08          0.993 1.08e+00  4.64e-01    39.8
15    20  0.98100 -1.86          0.987 5.49e-01  1.63e-01    32.5
> 
> cat(sftthresh1$powerEstimate)
9> 
> save(sftthresh1, file = "rdas/WGCNA/power_object_DLPFC_MDD.rda")
> 
> ## run wgcna
> net = blockwiseModules(t(geneExprsClean), power = sftthresh1$powerEstimate,
+                             networkType = "signed", minModuleSize = 30,corType="bicor",
+                             reassignThreshold = 0, mergeCutHeight = 0.25,
+                             numericLabels = TRUE, pamRespectsDendro = FALSE,
+                             saveTOMs = TRUE, verbose = 5, maxBlockSize = 30000,
+                             saveTOMFileBase = "rdas/WGCNA/wgcna_signed_TOM_DLPFC_MDD")
 Calculating module eigengenes block-wise from all genes
   Flagging genes and samples with too many missing values...
    ..step 1
 ..Working on block 1 .
    TOM calculation: adjacency..
    ..will use 8 parallel threads.
alpha: 1.000000
     Fraction of slow calculations: 0.000000
    ..connectivity..
    ..matrix multiplication (system BLAS)..
    ..normalization..
    ..done.
   ..saving TOM for block 1 into file rdas/WGCNA/wgcna_signed_TOM_DLPFC_MDD-block.1.RData
 ....clustering..
 ....detecting modules..
     ..done.
 ....calculating module eigengenes..
     moduleEigengenes : Working on ME for module 1
     moduleEigengenes : Working on ME for module 2
     moduleEigengenes : Working on ME for module 3
     moduleEigengenes : Working on ME for module 4
     moduleEigengenes : Working on ME for module 5
     moduleEigengenes : Working on ME for module 6
     moduleEigengenes : Working on ME for module 7
     moduleEigengenes : Working on ME for module 8
     moduleEigengenes : Working on ME for module 9
     moduleEigengenes : Working on ME for module 10
     moduleEigengenes : Working on ME for module 11
     moduleEigengenes : Working on ME for module 12
     moduleEigengenes : Working on ME for module 13
     moduleEigengenes : Working on ME for module 14
     moduleEigengenes : Working on ME for module 15
     moduleEigengenes : Working on ME for module 16
     moduleEigengenes : Working on ME for module 17
     moduleEigengenes : Working on ME for module 18
     moduleEigengenes : Working on ME for module 19
     moduleEigengenes : Working on ME for module 20
     moduleEigengenes : Working on ME for module 21
     moduleEigengenes : Working on ME for module 22
     moduleEigengenes : Working on ME for module 23
     moduleEigengenes : Working on ME for module 24
     moduleEigengenes : Working on ME for module 25
     moduleEigengenes : Working on ME for module 26
     moduleEigengenes : Working on ME for module 27
     moduleEigengenes : Working on ME for module 28
     moduleEigengenes : Working on ME for module 29
     moduleEigengenes : Working on ME for module 30
     moduleEigengenes : Working on ME for module 31
     moduleEigengenes : Working on ME for module 32
     moduleEigengenes : Working on ME for module 33
     moduleEigengenes : Working on ME for module 34
     moduleEigengenes : Working on ME for module 35
     moduleEigengenes : Working on ME for module 36
     moduleEigengenes : Working on ME for module 37
     moduleEigengenes : Working on ME for module 38
 ....checking kME in modules..
     ..removing 4382 genes from module 1 because their KME is too low.
     ..removing 1706 genes from module 2 because their KME is too low.
     ..removing 1289 genes from module 3 because their KME is too low.
     ..removing 980 genes from module 4 because their KME is too low.
     ..removing 413 genes from module 5 because their KME is too low.
     ..removing 393 genes from module 6 because their KME is too low.
     ..removing 416 genes from module 7 because their KME is too low.
     ..removing 134 genes from module 8 because their KME is too low.
     ..removing 99 genes from module 9 because their KME is too low.
     ..removing 141 genes from module 10 because their KME is too low.
     ..removing 154 genes from module 11 because their KME is too low.
     ..removing 62 genes from module 12 because their KME is too low.
     ..removing 35 genes from module 13 because their KME is too low.
     ..removing 43 genes from module 14 because their KME is too low.
     ..removing 1 genes from module 15 because their KME is too low.
     ..removing 16 genes from module 16 because their KME is too low.
     ..removing 30 genes from module 17 because their KME is too low.
     ..removing 13 genes from module 18 because their KME is too low.
     ..removing 6 genes from module 20 because their KME is too low.
     ..removing 1 genes from module 21 because their KME is too low.
     ..removing 1 genes from module 23 because their KME is too low.
     ..removing 3 genes from module 24 because their KME is too low.
     ..removing 4 genes from module 25 because their KME is too low.
     ..removing 2 genes from module 26 because their KME is too low.
     ..removing 1 genes from module 27 because their KME is too low.
     ..removing 2 genes from module 29 because their KME is too low.
     ..removing 1 genes from module 30 because their KME is too low.
     ..removing 1 genes from module 33 because their KME is too low.
 ..merging modules that are too close..
     mergeCloseModules: Merging modules whose distance is less than 0.25
       multiSetMEs: Calculating module MEs.
         Working on set 1 ...
         moduleEigengenes: Calculating 39 module eigengenes in given set.
alpha: 1.000000
       multiSetMEs: Calculating module MEs.
         Working on set 1 ...
         moduleEigengenes: Calculating 32 module eigengenes in given set.
alpha: 1.000000
       Calculating new MEs...
       multiSetMEs: Calculating module MEs.
         Working on set 1 ...
         moduleEigengenes: Calculating 32 module eigengenes in given set.
alpha: 1.000000
> fNames = rownames(geneExprs)
> save(net, fNames, file = "rdas/WGCNA/constructed_network_signed_bicor_DLPFC_MDD.rda")
> 
> ## Reproducibility information
> print('Reproducibility information:')
[1] "Reproducibility information:"
> Sys.time()
[1] "2020-02-15 21:39:11 EST"
> proc.time()
     user    system   elapsed 
12601.377    61.517 12573.452 
> options(width = 120)
> session_info()
Error in session_info() : could not find function "session_info"
Execution halted
